// Jest Snapshot v1, https://goo.gl/fbAQLP

exports[`Preloader component Should render the Preloader component 1`] = `
<DocumentFragment>
  <div
    aria-live="polite"
    class="preloader"
  >
    <i
      class="circle-preloader"
    />
    <p
      class="preloader__text"
    >
      Searching for news...
    </p>
  </div>
</DocumentFragment>
`;
