// Jest Snapshot v1, https://goo.gl/fbAQLP

exports[`Popup component Should render the Popup component 1`] = `
<DocumentFragment>
  <div
    class="popup popup_opened popup_type_name"
  >
    <div
      class="popup__container"
    >
      <h2
        class="popup__title"
      >
        Mock Title
      </h2>
      <div>
        Actual Content Here
      </div>
      <button
        aria-label="Mock Submit"
        class="submit-button popup__button"
        type="submit"
      >
        Mock Button Text
      </button>
      <div>
        Mocked FormRedirect Component
      </div>
      <button
        aria-label="Close name popup"
        class="close-button "
        type="button"
      />
    </div>
  </div>
</DocumentFragment>
`;
