// Jest Snapshot v1, https://goo.gl/fbAQLP

exports[`NothingFound component Should render the NothingFound component 1`] = `
<DocumentFragment>
  <div
    class="nothing-found"
  >
    <img
      alt="No results for Nothing found"
      class="nothing-found__icon"
      src="nothingFoundIcon_path"
    />
    <h2
      class="nothing-found__title"
    >
      Nothing found
    </h2>
    <p
      class="nothing-found__text"
    >
      Sorry, but nothing matched your search terms.
    </p>
  </div>
</DocumentFragment>
`;
